20🇲🇲26.038 [main] DEBUG com.intuit.karate - request:
1 > GET https://ipinfo.io/161.185.160.93/geo
1 > Host: ipinfo.io
1 > Connection: Keep-Alive
1 > User-Agent: Apache-HttpClient/4.5.14 (Java/21.0.12)
1 > Accept-Encoding: gzip,deflate


20🇲🇲27.736 [main] DEBUG com.intuit.karate - response time in milliseconds: 1618
1 < 200
1 < access-control-allow-origin: *
1 < content-type: application/json
1 < date: Wed, 19 Aug 2026 19:24:30 GMT
1 < vary: accept-encoding
1 < via: 1.1 google
1 < Alt-Svc: h3=":443"; ma=2592000
1 < Transfer-Encoding: chunked
{
  "ip": "161.185.160.93",
  "city": "New York City",
  "region": "New York",
  "country": "US",
  "loc": "40.7143,-74.0060",
  "org": "AS22252 The City of New York",
  "postal": "10004",
  "timezone": "America/New_York",
  "readme": "https://ipinfo.io/missingauth"
}

20🇲🇲28.429 [main] INFO  com.intuit.karate - [print] 200 
20🇲🇲29.250 [main] INFO  com.intuit.karate.Suite - <<pass>> feature 1 of 1 (0 remaining) classpath:features/FirstTestApi.feature
20🇲🇲19.479 [main] INFO  com.intuit.karate.Suite - backed up existing 'target\karate-reports' dir to: target\karate-reports_1787167759477
20🇲🇲25.262 [main] DEBUG com.intuit.karate - request:
1 > GET https://ipinfo.io/161.185.160.93/geo
1 > Host: ipinfo.io
1 > Connection: Keep-Alive
1 > User-Agent: Apache-HttpClient/4.5.14 (Java/21.0.12)
1 > Accept-Encoding: gzip,deflate


20🇲🇲27.300 [main] DEBUG com.intuit.karate - response time in milliseconds: 1960
1 < 200
1 < access-control-allow-origin: *
1 < content-type: application/json
1 < date: Wed, 19 Aug 2026 19:29:29 GMT
1 < vary: accept-encoding
1 < via: 1.1 google
1 < Alt-Svc: h3=":443"; ma=2592000,h3-29=":443"; ma=2592000
1 < Transfer-Encoding: chunked
{
  "ip": "161.185.160.93",
  "city": "New York City",
  "region": "New York",
  "country": "US",
  "loc": "40.7143,-74.0060",
  "org": "AS22252 The City of New York",
  "postal": "10004",
  "timezone": "America/New_York",
  "readme": "https://ipinfo.io/missingauth"
}

20🇲🇲27.603 [main] INFO  com.intuit.karate - [print] 200 
20🇲🇲28.366 [main] INFO  com.intuit.karate.Suite - <<pass>> feature 1 of 1 (0 remaining) classpath:features/FirstTestApi.feature
20🇲🇲32.097 [main] INFO  com.intuit.karate.Suite - backed up existing 'target\karate-reports' dir to: target\karate-reports_1787169032094
20🇲🇲33.459 [main] DEBUG com.intuit.karate - request:
1 > GET https://ipinfo.io/161.185.160.93/geo
1 > Host: ipinfo.io
1 > Connection: Keep-Alive
1 > User-Agent: Apache-HttpClient/4.5.14 (Java/21.0.12)
1 > Accept-Encoding: gzip,deflate


20🇲🇲34.094 [main] DEBUG com.intuit.karate - response time in milliseconds: 589
1 < 200
1 < access-control-allow-origin: *
1 < content-type: application/json
1 < date: Wed, 19 Aug 2026 19:50:36 GMT
1 < vary: accept-encoding
1 < via: 1.1 google
1 < Alt-Svc: h3=":443"; ma=2592000,h3-29=":443"; ma=2592000
1 < Transfer-Encoding: chunked
{
  "ip": "161.185.160.93",
  "city": "New York City",
  "region": "New York",
  "country": "US",
  "loc": "40.7143,-74.0060",
  "org": "AS22252 The City of New York",
  "postal": "10004",
  "timezone": "America/New_York",
  "readme": "https://ipinfo.io/missingauth"
}

20🇲🇲34.320 [main] INFO  com.intuit.karate - [print] 200 
20🇲🇲34.974 [main] INFO  com.intuit.karate.Suite - <<pass>> feature 1 of 1 (0 remaining) classpath:features/FirstTestApi.feature
